2026-05-24 15:40:18,070 - invest_support - WARNING - [data_loader.py:80] - Error fetching S&P 500 tickers: Network Error
2026-05-24 15:40:18,073 - invest_support - WARNING - [data_loader.py:99] - Error fetching KOSPI 200 tickers from KRX: KRX Error
2026-05-24 15:40:18,106 - invest_support - INFO - [data_loader.py:253] - Saved us fundamentals to cache: /private/var/folders/4r/c5dss4zj31sfmq8bx6hrmt2c0000gn/T/pytest-of-youngwonkim/pytest-0/test_get_stock_fundamentals_us0/us_fundamentals.csv
2026-05-24 15:40:18,114 - invest_support - WARNING - [data_loader.py:153] - KR Error (pykrx): KRX Server Blocked
2026-05-24 15:40:18,114 - invest_support - INFO - [data_loader.py:156] - Falling back to yfinance for KR stock fundamentals...
2026-05-24 15:40:18,119 - invest_support - DEBUG - [data_loader.py:208] - Error fetching yfinance info for 005930.KS: The truth value of a Series is ambiguous. Use a.empty, a.bool(), a.item(), a.any() or a.all().
2026-05-24 15:40:18,121 - invest_support - INFO - [data_loader.py:253] - Saved kr fundamentals to cache: /private/var/folders/4r/c5dss4zj31sfmq8bx6hrmt2c0000gn/T/pytest-of-youngwonkim/pytest-0/test_get_stock_fundamentals_kr0/kr_fundamentals.csv
2026-05-24 15:40:18,422 - invest_support - INFO - [data_loader.py:294] - Downloading historical data for ^GSPC (1y)...
2026-05-24 15:40:18,438 - invest_support - INFO - [data_loader.py:294] - Downloading historical data for ^TNX (1y)...
2026-05-24 15:40:18,439 - invest_support - INFO - [data_loader.py:294] - Downloading historical data for ^IRX (1y)...
2026-05-24 15:41:00,016 - invest_support - WARNING - [data_loader.py:80] - Error fetching S&P 500 tickers: Network Error
2026-05-24 15:41:00,020 - invest_support - WARNING - [data_loader.py:99] - Error fetching KOSPI 200 tickers from KRX: KRX Error
2026-05-24 15:41:00,040 - invest_support - DEBUG - [data_loader.py:241] - Price/Momentum calculation failed for AAPL: 'AAPL'
2026-05-24 15:41:00,040 - invest_support - DEBUG - [data_loader.py:241] - Price/Momentum calculation failed for MSFT: 'MSFT'
2026-05-24 15:41:00,048 - invest_support - INFO - [data_loader.py:263] - Saved us fundamentals to cache: /private/var/folders/4r/c5dss4zj31sfmq8bx6hrmt2c0000gn/T/pytest-of-youngwonkim/pytest-1/test_get_stock_fundamentals_us0/us_fundamentals.csv
2026-05-24 15:41:00,055 - invest_support - WARNING - [data_loader.py:153] - KR Error (pykrx): KRX Server Blocked
2026-05-24 15:41:00,055 - invest_support - INFO - [data_loader.py:156] - Falling back to yfinance for KR stock fundamentals...
2026-05-24 15:41:00,060 - invest_support - INFO - [data_loader.py:263] - Saved kr fundamentals to cache: /private/var/folders/4r/c5dss4zj31sfmq8bx6hrmt2c0000gn/T/pytest-of-youngwonkim/pytest-1/test_get_stock_fundamentals_kr0/kr_fundamentals.csv
2026-05-24 15:41:00,068 - invest_support - INFO - [data_loader.py:304] - Downloading historical data for ^GSPC (1y)...
2026-05-24 15:41:00,080 - invest_support - INFO - [data_loader.py:304] - Downloading historical data for ^TNX (1y)...
2026-05-24 15:41:00,081 - invest_support - INFO - [data_loader.py:304] - Downloading historical data for ^IRX (1y)...
